* Getting build dependencies for sdist...
* Building sdist...
*** scikit-build-core 0.12.2 (sdist)
* Building wheel from sdist
* Getting build dependencies for wheel...
* Building wheel...
*** scikit-build-core 0.12.2 using CMake 4.3.3 (wheel)
*** Configuring CMake...
loading initial cache file /var/folders/33/bckvp5w94v58qwh5l_z21nn00000gn/T/tmpg_29lcim/build/CMakeInit.txt
-- The CXX compiler identification is AppleClang 21.0.0.21000101
-- Detecting CXX compiler ABI info
-- Detecting CXX compiler ABI info - done
-- Check for working CXX compiler: /usr/bin/clang++ - skipped
-- Detecting CXX compile features
-- Detecting CXX compile features - done
-- Internal API refactoring metadata not found; metadata-backed audit checks are disabled.
-- mmcfilters defensive contract mode: CHECKED
-- Found Python3: /opt/anaconda3/bin/python (found version "3.12.3") found components: Interpreter
CMake Error: File /private/var/folders/33/bckvp5w94v58qwh5l_z21nn00000gn/T/build-via-sdist-ceogs1c3/mtlearn-1.1.0.post5/external/mmcfilters/docs/Doxyfile.public.in does not exist.
CMake Error at external/mmcfilters/CMakeLists.txt:149 (configure_file):
  configure_file Problem configuring file


CMake Error: File /private/var/folders/33/bckvp5w94v58qwh5l_z21nn00000gn/T/build-via-sdist-ceogs1c3/mtlearn-1.1.0.post5/external/mmcfilters/docs/Doxyfile.internal.in does not exist.
CMake Error at external/mmcfilters/CMakeLists.txt:154 (configure_file):
  configure_file Problem configuring file


CMake Warning (dev) at /opt/anaconda3/lib/python3.12/site-packages/pybind11/share/cmake/pybind11/FindPythonLibsNew.cmake:101 (message):
  Policy CMP0148 is not set: The FindPythonInterp and FindPythonLibs modules
  are removed.  Run "cmake --help-policy CMP0148" for policy details.  Use
  the cmake_policy command to set the policy and suppress this warning, or
  preferably upgrade to using FindPython, either by calling it explicitly
  before pybind11, or by setting PYBIND11_FINDPYTHON ON before pybind11.
Call Stack (most recent call first):
  /opt/anaconda3/lib/python3.12/site-packages/pybind11/share/cmake/pybind11/pybind11Tools.cmake:44 (find_package)
  /opt/anaconda3/lib/python3.12/site-packages/pybind11/share/cmake/pybind11/pybind11Common.cmake:237 (include)
  /opt/anaconda3/lib/python3.12/site-packages/pybind11/share/cmake/pybind11/pybind11Config.cmake:257 (include)
  mtlearn/bindings/CMakeLists.txt:5 (find_package)
This warning is for project developers.  Use -Wno-dev to suppress it.

CMake Deprecation Warning at /opt/anaconda3/lib/python3.12/site-packages/pybind11/share/cmake/pybind11/FindPythonLibsNew.cmake:110 (cmake_policy):
  The OLD behavior for policy CMP0148 will be removed from a future version
  of CMake.

  The cmake-policies(7) manual explains that the OLD behaviors of all
  policies are deprecated and that a policy should be set to OLD only under
  specific short-term circumstances.  Projects should be ported to the NEW
  behavior and not rely on setting a policy to OLD.
Call Stack (most recent call first):
  /opt/anaconda3/lib/python3.12/site-packages/pybind11/share/cmake/pybind11/pybind11Tools.cmake:44 (find_package)
  /opt/anaconda3/lib/python3.12/site-packages/pybind11/share/cmake/pybind11/pybind11Common.cmake:237 (include)
  /opt/anaconda3/lib/python3.12/site-packages/pybind11/share/cmake/pybind11/pybind11Config.cmake:257 (include)
  mtlearn/bindings/CMakeLists.txt:5 (find_package)


-- Found PythonLibs: /opt/anaconda3/lib/libpython3.12.dylib
-- Performing Test HAS_FLTO_THIN
-- Performing Test HAS_FLTO_THIN - Success
-- Performing Test HAS_FLTO
-- Performing Test HAS_FLTO - Success
CMake Warning at /opt/anaconda3/lib/python3.12/site-packages/torch/share/cmake/Torch/TorchConfig.cmake:22 (message):
  static library kineto_LIBRARY-NOTFOUND not found.
Call Stack (most recent call first):
  /opt/anaconda3/lib/python3.12/site-packages/torch/share/cmake/Torch/TorchConfig.cmake:125 (append_torchlib_if_found)
  mtlearn/bindings/CMakeLists.txt:20 (find_package)


-- Found Torch: /opt/anaconda3/lib/python3.12/site-packages/torch/lib/libtorch.dylib
-- Configuring incomplete, errors occurred!

*** CMake configuration failed

ERROR Backend subprocess exited when trying to invoke build_wheel
