{"stage": "read_and_decode", "seconds": 0.05365762498695403, "rss_end_bytes": 262127616, "available_end_bytes": 3564142592}
{"stage": "input_and_mask_conversion", "seconds": 0.010561082977801561, "rss_end_bytes": 323190784, "available_end_bytes": 3489153024}
{"stage": "tree_construction", "seconds": 0.8202272499911487, "rss_end_bytes": 509231104, "available_end_bytes": 3521036288}
{"stage": "tree_tensors", "seconds": 0.10520937491673976, "rss_end_bytes": 628899840, "available_end_bytes": 3521036288}
{"stage": "attribute_extraction", "seconds": 0.008631290984340012, "rss_end_bytes": 628981760, "available_end_bytes": 3521036288}
{"stage": "statistics_update", "seconds": 0.001088125049136579, "rss_end_bytes": 629211136, "available_end_bytes": 3521036288}
{"stage": "normalization", "seconds": 0.0012236249167472124, "rss_end_bytes": 629850112, "available_end_bytes": 3521036288}
{"stage": "attribute_extraction", "seconds": 0.010081541957333684, "rss_end_bytes": 636518400, "available_end_bytes": 3521036288}
{"stage": "statistics_update", "seconds": 0.0022851249668747187, "rss_end_bytes": 647741440, "available_end_bytes": 3521036288}
{"stage": "normalization", "seconds": 0.0024032500805333257, "rss_end_bytes": 653361152, "available_end_bytes": 3521036288}
{"stage": "attribute_extraction", "seconds": 0.01902016589883715, "rss_end_bytes": 653361152, "available_end_bytes": 3507257344}
{"stage": "statistics_update", "seconds": 0.0012843330623582006, "rss_end_bytes": 658964480, "available_end_bytes": 3506094080}
{"stage": "normalization", "seconds": 0.001441666972823441, "rss_end_bytes": 658964480, "available_end_bytes": 3509387264}
{"stage": "attribute_extraction", "seconds": 0.01273379207123071, "rss_end_bytes": 664567808, "available_end_bytes": 3501801472}
{"stage": "statistics_update", "seconds": 0.0011379579082131386, "rss_end_bytes": 664584192, "available_end_bytes": 3501948928}
{"stage": "normalization", "seconds": 0.001767458044923842, "rss_end_bytes": 664600576, "available_end_bytes": 3502112768}
{"stage": "attribute_extraction", "seconds": 0.028410958009772003, "rss_end_bytes": 670220288, "available_end_bytes": 3502112768}
{"stage": "statistics_update", "seconds": 0.0011149169877171516, "rss_end_bytes": 670220288, "available_end_bytes": 3502112768}
{"stage": "normalization", "seconds": 0.0014763339422643185, "rss_end_bytes": 672169984, "available_end_bytes": 3502112768}
{"stage": "attribute_extraction", "seconds": 0.030422042007558048, "rss_end_bytes": 683393024, "available_end_bytes": 3502112768}
{"stage": "statistics_update", "seconds": 0.0011974589433521032, "rss_end_bytes": 688996352, "available_end_bytes": 3502112768}
{"stage": "normalization", "seconds": 0.0012172500137239695, "rss_end_bytes": 688996352, "available_end_bytes": 3502112768}
{"stage": "attribute_extraction", "seconds": 0.07143449992872775, "rss_end_bytes": 697401344, "available_end_bytes": 3502112768}
{"stage": "statistics_update", "seconds": 0.001105375005863607, "rss_end_bytes": 703004672, "available_end_bytes": 3502112768}
{"stage": "normalization", "seconds": 0.0011558750411495566, "rss_end_bytes": 703004672, "available_end_bytes": 3502112768}
{"stage": "attribute_extraction", "seconds": 0.08977479208260775, "rss_end_bytes": 708608000, "available_end_bytes": 3502112768}
{"stage": "statistics_update", "seconds": 0.001078207977116108, "rss_end_bytes": 708624384, "available_end_bytes": 3502112768}
{"stage": "normalization", "seconds": 0.0011063329875469208, "rss_end_bytes": 708624384, "available_end_bytes": 3502112768}
{"stage": "attribute_extraction", "seconds": 0.08073541603516787, "rss_end_bytes": 714244096, "available_end_bytes": 3502112768}
{"stage": "statistics_update", "seconds": 0.0012651670258492231, "rss_end_bytes": 714244096, "available_end_bytes": 3502112768}
{"stage": "normalization", "seconds": 0.0017152089858427644, "rss_end_bytes": 714244096, "available_end_bytes": 3502112768}
{"stage": "attribute_extraction", "seconds": 0.0778746249852702, "rss_end_bytes": 722681856, "available_end_bytes": 3502112768}
{"stage": "statistics_update", "seconds": 0.0015732499305158854, "rss_end_bytes": 722681856, "available_end_bytes": 3502112768}
{"stage": "normalization", "seconds": 0.0017072500195354223, "rss_end_bytes": 722681856, "available_end_bytes": 3502112768}
{"stage": "attribute_extraction", "seconds": 0.08741604199167341, "rss_end_bytes": 731086848, "available_end_bytes": 3502112768}
{"stage": "statistics_update", "seconds": 0.0012119170278310776, "rss_end_bytes": 731103232, "available_end_bytes": 3502112768}
{"stage": "normalization", "seconds": 0.00158250005915761, "rss_end_bytes": 731103232, "available_end_bytes": 3502112768}
{"stage": "attribute_extraction", "seconds": 0.08662862505298108, "rss_end_bytes": 739524608, "available_end_bytes": 3502112768}
{"stage": "statistics_update", "seconds": 0.000786209013313055, "rss_end_bytes": 739540992, "available_end_bytes": 3502112768}
{"stage": "normalization", "seconds": 0.0012103329645469785, "rss_end_bytes": 739540992, "available_end_bytes": 3502112768}
{"stage": "attribute_extraction", "seconds": 0.07958333403803408, "rss_end_bytes": 742391808, "available_end_bytes": 3502112768}
{"stage": "statistics_update", "seconds": 0.0012432499788701534, "rss_end_bytes": 742391808, "available_end_bytes": 3502112768}
{"stage": "normalization", "seconds": 0.0011042080586776137, "rss_end_bytes": 742424576, "available_end_bytes": 3502112768}
{"stage": "attribute_extraction", "seconds": 0.07443612499628216, "rss_end_bytes": 748027904, "available_end_bytes": 3502112768}
{"stage": "statistics_update", "seconds": 0.0012527919607236981, "rss_end_bytes": 748027904, "available_end_bytes": 3502112768}
{"stage": "normalization", "seconds": 0.0015984999481588602, "rss_end_bytes": 748027904, "available_end_bytes": 3502112768}
{"stage": "attribute_extraction", "seconds": 0.07630929199513048, "rss_end_bytes": 753631232, "available_end_bytes": 3502112768}
{"stage": "statistics_update", "seconds": 0.001161457970738411, "rss_end_bytes": 753631232, "available_end_bytes": 3502112768}
{"stage": "normalization", "seconds": 0.0010346249910071492, "rss_end_bytes": 753631232, "available_end_bytes": 3502112768}
{"stage": "attribute_extraction", "seconds": 0.074149459018372, "rss_end_bytes": 809615360, "available_end_bytes": 3502112768}
{"stage": "statistics_update", "seconds": 0.0011625419137999415, "rss_end_bytes": 809631744, "available_end_bytes": 3502112768}
{"stage": "normalization", "seconds": 0.001065958058461547, "rss_end_bytes": 809631744, "available_end_bytes": 3502112768}
{"stage": "attribute_extraction", "seconds": 0.07017470803111792, "rss_end_bytes": 815235072, "available_end_bytes": 3502112768}
{"stage": "statistics_update", "seconds": 0.001306666061282158, "rss_end_bytes": 815267840, "available_end_bytes": 3502112768}
{"stage": "normalization", "seconds": 0.0015343331033363938, "rss_end_bytes": 815284224, "available_end_bytes": 3502112768}
{"stage": "attribute_extraction", "seconds": 0.06434112507849932, "rss_end_bytes": 815300608, "available_end_bytes": 3532767232}
{"stage": "statistics_update", "seconds": 0.0010817500296980143, "rss_end_bytes": 820903936, "available_end_bytes": 3529621504}
{"stage": "normalization", "seconds": 0.001208874979056418, "rss_end_bytes": 820920320, "available_end_bytes": 3529621504}
{"stage": "attribute_extraction", "seconds": 0.06356454198248684, "rss_end_bytes": 820920320, "available_end_bytes": 3529621504}
{"stage": "statistics_update", "seconds": 0.0011483340058475733, "rss_end_bytes": 826523648, "available_end_bytes": 3529621504}
{"stage": "normalization", "seconds": 0.0011113330256193876, "rss_end_bytes": 826523648, "available_end_bytes": 3529621504}
{"stage": "attribute_extraction", "seconds": 0.06340337498113513, "rss_end_bytes": 826523648, "available_end_bytes": 3529621504}
{"stage": "statistics_update", "seconds": 0.001068499987013638, "rss_end_bytes": 832126976, "available_end_bytes": 3529621504}
{"stage": "normalization", "seconds": 0.0011772499419748783, "rss_end_bytes": 832126976, "available_end_bytes": 3529621504}
{"stage": "attribute_extraction", "seconds": 0.06343820900656283, "rss_end_bytes": 832126976, "available_end_bytes": 3529621504}
{"stage": "statistics_update", "seconds": 0.0012616249732673168, "rss_end_bytes": 837730304, "available_end_bytes": 3529621504}
{"stage": "normalization", "seconds": 0.0012390839401632547, "rss_end_bytes": 840531968, "available_end_bytes": 3529621504}
{"stage": "attribute_extraction", "seconds": 0.062046000035479665, "rss_end_bytes": 840548352, "available_end_bytes": 3529621504}
{"stage": "statistics_update", "seconds": 0.0009852920193225145, "rss_end_bytes": 846151680, "available_end_bytes": 3529621504}
{"stage": "normalization", "seconds": 0.0010307079646736383, "rss_end_bytes": 848953344, "available_end_bytes": 3529621504}
{"stage": "attribute_extraction", "seconds": 0.10897962504532188, "rss_end_bytes": 910573568, "available_end_bytes": 3529621504}
{"stage": "statistics_update", "seconds": 0.0014118329854682088, "rss_end_bytes": 916176896, "available_end_bytes": 3529621504}
{"stage": "normalization", "seconds": 0.000922165927477181, "rss_end_bytes": 916176896, "available_end_bytes": 3529621504}
{"stage": "attribute_extraction", "seconds": 0.10657916695345193, "rss_end_bytes": 921796608, "available_end_bytes": 3529621504}
{"stage": "statistics_update", "seconds": 0.0017019170336425304, "rss_end_bytes": 927399936, "available_end_bytes": 3529621504}
{"stage": "normalization", "seconds": 0.0013485000235959888, "rss_end_bytes": 927399936, "available_end_bytes": 3529621504}
{"stage": "attribute_extraction", "seconds": 0.11568908300250769, "rss_end_bytes": 933003264, "available_end_bytes": 3529621504}
{"stage": "statistics_update", "seconds": 0.0007057079346850514, "rss_end_bytes": 933036032, "available_end_bytes": 3529621504}
{"stage": "normalization", "seconds": 0.0008391659939661622, "rss_end_bytes": 933052416, "available_end_bytes": 3529621504}
{"stage": "attribute_extraction", "seconds": 0.11763208301272243, "rss_end_bytes": 938655744, "available_end_bytes": 3529621504}
{"stage": "statistics_update", "seconds": 0.0016247499734163284, "rss_end_bytes": 938655744, "available_end_bytes": 3529621504}
{"stage": "normalization", "seconds": 0.0012237080372869968, "rss_end_bytes": 941457408, "available_end_bytes": 3529621504}
{"stage": "attribute_extraction", "seconds": 0.11343958298675716, "rss_end_bytes": 952664064, "available_end_bytes": 3529621504}
{"stage": "statistics_update", "seconds": 0.001005499972961843, "rss_end_bytes": 952680448, "available_end_bytes": 3529621504}
{"stage": "normalization", "seconds": 0.0007831250550225377, "rss_end_bytes": 952680448, "available_end_bytes": 3529621504}
{"stage": "attribute_extraction", "seconds": 0.10963391594123095, "rss_end_bytes": 953106432, "available_end_bytes": 3519135744}
{"stage": "statistics_update", "seconds": 0.0012323750415816903, "rss_end_bytes": 953106432, "available_end_bytes": 3519266816}
{"stage": "normalization", "seconds": 0.0012855000095441937, "rss_end_bytes": 953122816, "available_end_bytes": 3519397888}
{"stage": "attribute_extraction", "seconds": 0.11467595805879682, "rss_end_bytes": 944013312, "available_end_bytes": 3512008704}
{"stage": "statistics_update", "seconds": 0.0012737499782815576, "rss_end_bytes": 944029696, "available_end_bytes": 3512172544}
{"stage": "normalization", "seconds": 0.0012747080763801932, "rss_end_bytes": 944029696, "available_end_bytes": 3512320000}
{"stage": "attribute_extraction", "seconds": 0.09445704205427319, "rss_end_bytes": 949633024, "available_end_bytes": 3511189504}
{"stage": "statistics_update", "seconds": 0.001197415986098349, "rss_end_bytes": 949633024, "available_end_bytes": 3511189504}
{"stage": "normalization", "seconds": 0.0012550830142572522, "rss_end_bytes": 949649408, "available_end_bytes": 3511189504}
{"stage": "attribute_extraction", "seconds": 0.10034250002354383, "rss_end_bytes": 955269120, "available_end_bytes": 3511189504}
{"stage": "statistics_update", "seconds": 0.00122020801063627, "rss_end_bytes": 955285504, "available_end_bytes": 3511189504}
{"stage": "normalization", "seconds": 0.0011182909365743399, "rss_end_bytes": 955301888, "available_end_bytes": 3511189504}
{"stage": "attribute_extraction", "seconds": 0.10170450003352016, "rss_end_bytes": 925843456, "available_end_bytes": 3511189504}
{"stage": "statistics_update", "seconds": 0.0014736250741407275, "rss_end_bytes": 925876224, "available_end_bytes": 3511189504}
{"stage": "normalization", "seconds": 0.0013255830854177475, "rss_end_bytes": 925876224, "available_end_bytes": 3511189504}
{"stage": "attribute_extraction", "seconds": 0.09517591702751815, "rss_end_bytes": 931479552, "available_end_bytes": 3511189504}
{"stage": "statistics_update", "seconds": 0.0006401250138878822, "rss_end_bytes": 931495936, "available_end_bytes": 3511189504}
{"stage": "normalization", "seconds": 0.0010686659952625632, "rss_end_bytes": 931495936, "available_end_bytes": 3511189504}
{"stage": "attribute_extraction", "seconds": 0.0937043329467997, "rss_end_bytes": 937099264, "available_end_bytes": 3511189504}
{"stage": "statistics_update", "seconds": 0.0004693749360740185, "rss_end_bytes": 937099264, "available_end_bytes": 3511189504}
{"stage": "normalization", "seconds": 0.00077887496445328, "rss_end_bytes": 937099264, "available_end_bytes": 3511189504}
{"stage": "attribute_extraction", "seconds": 0.0985019999789074, "rss_end_bytes": 935723008, "available_end_bytes": 3511189504}
{"stage": "statistics_update", "seconds": 0.0008119590347632766, "rss_end_bytes": 935723008, "available_end_bytes": 3511189504}
{"stage": "normalization", "seconds": 0.0008482499979436398, "rss_end_bytes": 935723008, "available_end_bytes": 3511189504}
{"stage": "attribute_extraction", "seconds": 0.08752395794726908, "rss_end_bytes": 941326336, "available_end_bytes": 3511189504}
{"stage": "statistics_update", "seconds": 0.0005964169977232814, "rss_end_bytes": 941326336, "available_end_bytes": 3511189504}
{"stage": "normalization", "seconds": 0.00126550009008497, "rss_end_bytes": 941326336, "available_end_bytes": 3511189504}
{"stage": "attribute_extraction", "seconds": 0.653851917013526, "rss_end_bytes": 940441600, "available_end_bytes": 3524198400}
{"stage": "statistics_update", "seconds": 0.0006994580617174506, "rss_end_bytes": 940441600, "available_end_bytes": 3524198400}
{"stage": "normalization", "seconds": 0.0008104579756036401, "rss_end_bytes": 940457984, "available_end_bytes": 3524198400}
{"stage": "attribute_extraction", "seconds": 0.6353335420135409, "rss_end_bytes": 943095808, "available_end_bytes": 3527262208}
{"stage": "statistics_update", "seconds": 0.0011987920152023435, "rss_end_bytes": 943095808, "available_end_bytes": 3527393280}
{"stage": "normalization", "seconds": 0.0011011658934876323, "rss_end_bytes": 943095808, "available_end_bytes": 3527606272}
{"stage": "attribute_extraction", "seconds": 0.6384611669927835, "rss_end_bytes": 943112192, "available_end_bytes": 3527606272}
{"stage": "statistics_update", "seconds": 0.0006448749918490648, "rss_end_bytes": 943112192, "available_end_bytes": 3527606272}
{"stage": "normalization", "seconds": 0.0007843750063329935, "rss_end_bytes": 943112192, "available_end_bytes": 3527606272}
{"stage": "attribute_extraction", "seconds": 0.6420192919904366, "rss_end_bytes": 943128576, "available_end_bytes": 3510616064}
{"stage": "statistics_update", "seconds": 0.0005519998958334327, "rss_end_bytes": 943144960, "available_end_bytes": 3510861824}
{"stage": "normalization", "seconds": 0.0007998340297490358, "rss_end_bytes": 943161344, "available_end_bytes": 3511058432}
{"stage": "attribute_extraction", "seconds": 0.6375734999310225, "rss_end_bytes": 948764672, "available_end_bytes": 3505471488}
{"stage": "statistics_update", "seconds": 0.0008237500442191958, "rss_end_bytes": 954368000, "available_end_bytes": 3505471488}
{"stage": "normalization", "seconds": 0.0011687090154737234, "rss_end_bytes": 954368000, "available_end_bytes": 3505471488}
{"stage": "attribute_extraction", "seconds": 0.6457803329685703, "rss_end_bytes": 954368000, "available_end_bytes": 3516841984}
{"stage": "statistics_update", "seconds": 0.0007902920478954911, "rss_end_bytes": 959971328, "available_end_bytes": 3516841984}
{"stage": "normalization", "seconds": 0.0010060000931844115, "rss_end_bytes": 960004096, "available_end_bytes": 3516841984}
{"stage": "attribute_extraction", "seconds": 0.6456826250068843, "rss_end_bytes": 960004096, "available_end_bytes": 3526524928}
{"stage": "statistics_update", "seconds": 0.0008120830170810223, "rss_end_bytes": 960004096, "available_end_bytes": 3526721536}
{"stage": "normalization", "seconds": 0.0007838329765945673, "rss_end_bytes": 960004096, "available_end_bytes": 3526918144}
{"stage": "attribute_extraction", "seconds": 0.6556569170206785, "rss_end_bytes": 874184704, "available_end_bytes": 3513729024}
{"stage": "statistics_update", "seconds": 0.001027959049679339, "rss_end_bytes": 879820800, "available_end_bytes": 3513729024}
{"stage": "normalization", "seconds": 0.0010757920099422336, "rss_end_bytes": 879820800, "available_end_bytes": 3513729024}
{"stage": "attribute_extraction", "seconds": 0.6390508749755099, "rss_end_bytes": 827801600, "available_end_bytes": 3351871488}
{"stage": "statistics_update", "seconds": 0.0009142500348389149, "rss_end_bytes": 833404928, "available_end_bytes": 3369959424}
{"stage": "normalization", "seconds": 0.0010096670594066381, "rss_end_bytes": 833404928, "available_end_bytes": 3391979520}
{"stage": "attribute_extraction", "seconds": 0.01184270903468132, "rss_end_bytes": 833404928, "available_end_bytes": 3391979520}
{"stage": "statistics_update", "seconds": 0.0008040829561650753, "rss_end_bytes": 839024640, "available_end_bytes": 3391979520}
{"stage": "normalization", "seconds": 0.0010589580051600933, "rss_end_bytes": 839024640, "available_end_bytes": 3391979520}
{"stage": "attribute_extraction", "seconds": 0.011764666065573692, "rss_end_bytes": 839024640, "available_end_bytes": 3391979520}
{"stage": "statistics_update", "seconds": 0.0008264160715043545, "rss_end_bytes": 844627968, "available_end_bytes": 3391979520}
{"stage": "normalization", "seconds": 0.0009422500152140856, "rss_end_bytes": 844627968, "available_end_bytes": 3391979520}
{"stage": "attribute_extraction", "seconds": 0.01083887496497482, "rss_end_bytes": 844627968, "available_end_bytes": 3391979520}
{"stage": "statistics_update", "seconds": 0.0008568329503759742, "rss_end_bytes": 850247680, "available_end_bytes": 3391979520}
{"stage": "normalization", "seconds": 0.0008893330814316869, "rss_end_bytes": 850247680, "available_end_bytes": 3391979520}
{"stage": "attribute_extraction", "seconds": 0.011184292030520737, "rss_end_bytes": 850247680, "available_end_bytes": 3391979520}
{"stage": "statistics_update", "seconds": 0.000684124999679625, "rss_end_bytes": 855851008, "available_end_bytes": 3391979520}
{"stage": "normalization", "seconds": 0.0009061669697985053, "rss_end_bytes": 855851008, "available_end_bytes": 3391979520}
{"stage": "attribute_extraction", "seconds": 0.010744041996076703, "rss_end_bytes": 861470720, "available_end_bytes": 3391979520}
{"stage": "statistics_update", "seconds": 0.000914541888050735, "rss_end_bytes": 867074048, "available_end_bytes": 3391979520}
{"stage": "normalization", "seconds": 0.0008594159735366702, "rss_end_bytes": 867090432, "available_end_bytes": 3391979520}
{"stage": "attribute_extraction", "seconds": 0.011104749981313944, "rss_end_bytes": 867106816, "available_end_bytes": 3391979520}
{"stage": "statistics_update", "seconds": 0.0004978330107405782, "rss_end_bytes": 867106816, "available_end_bytes": 3391979520}
{"stage": "normalization", "seconds": 0.0007776659913361073, "rss_end_bytes": 867139584, "available_end_bytes": 3391979520}
{"stage": "attribute_extraction", "seconds": 0.013237084029242396, "rss_end_bytes": 878362624, "available_end_bytes": 3391979520}
{"stage": "statistics_update", "seconds": 0.0008563329465687275, "rss_end_bytes": 884015104, "available_end_bytes": 3391979520}
{"stage": "normalization", "seconds": 0.000963041908107698, "rss_end_bytes": 884015104, "available_end_bytes": 3391979520}
{"stage": "attribute_extraction", "seconds": 0.013559125014580786, "rss_end_bytes": 889634816, "available_end_bytes": 3391979520}
{"stage": "statistics_update", "seconds": 0.0008607920026406646, "rss_end_bytes": 892452864, "available_end_bytes": 3391979520}
{"stage": "normalization", "seconds": 0.0010606669820845127, "rss_end_bytes": 887717888, "available_end_bytes": 3391979520}
{"stage": "attribute_extraction", "seconds": 0.016036792076192796, "rss_end_bytes": 898924544, "available_end_bytes": 3391979520}
{"stage": "statistics_update", "seconds": 0.0010969999711960554, "rss_end_bytes": 904527872, "available_end_bytes": 3391979520}
{"stage": "normalization", "seconds": 0.000874500023201108, "rss_end_bytes": 904527872, "available_end_bytes": 3391979520}
{"stage": "attribute_extraction", "seconds": 0.015593333053402603, "rss_end_bytes": 903233536, "available_end_bytes": 3391979520}
{"stage": "statistics_update", "seconds": 0.000511875026859343, "rss_end_bytes": 903233536, "available_end_bytes": 3391979520}
{"stage": "normalization", "seconds": 0.001170207979157567, "rss_end_bytes": 903233536, "available_end_bytes": 3391979520}
{"stage": "attribute_extraction", "seconds": 8.98604016599711, "rss_end_bytes": 995737600, "available_end_bytes": 3341844480}
{"stage": "statistics_update", "seconds": 0.003839540993794799, "rss_end_bytes": 976584704, "available_end_bytes": 3341844480}
{"stage": "normalization", "seconds": 0.0010288329795002937, "rss_end_bytes": 977076224, "available_end_bytes": 3341844480}
{"stage": "attribute_extraction", "seconds": 0.01658487506210804, "rss_end_bytes": 981958656, "available_end_bytes": 3341844480}
{"stage": "statistics_update", "seconds": 0.0013614579802379012, "rss_end_bytes": 982794240, "available_end_bytes": 3341844480}
{"stage": "normalization", "seconds": 0.0016176250064745545, "rss_end_bytes": 985268224, "available_end_bytes": 3341844480}
{"stage": "attribute_extraction", "seconds": 0.22779379109852016, "rss_end_bytes": 957104128, "available_end_bytes": 3373907968}
{"stage": "statistics_update", "seconds": 0.0006394160445779562, "rss_end_bytes": 958038016, "available_end_bytes": 3378135040}
{"stage": "normalization", "seconds": 0.0015665830578655005, "rss_end_bytes": 958038016, "available_end_bytes": 3384852480}
{"stage": "attribute_extraction", "seconds": 0.22040400002151728, "rss_end_bytes": 958070784, "available_end_bytes": 3392159744}
{"stage": "statistics_update", "seconds": 0.0008035829523578286, "rss_end_bytes": 963674112, "available_end_bytes": 3392159744}
{"stage": "normalization", "seconds": 0.000846582930535078, "rss_end_bytes": 963706880, "available_end_bytes": 3392159744}
{"stage": "attribute_extraction", "seconds": 0.22000591701362282, "rss_end_bytes": 966574080, "available_end_bytes": 3392159744}
{"stage": "statistics_update", "seconds": 0.0010545419063419104, "rss_end_bytes": 972341248, "available_end_bytes": 3392159744}
{"stage": "normalization", "seconds": 0.0010451660491526127, "rss_end_bytes": 972357632, "available_end_bytes": 3392159744}
{"stage": "attribute_extraction", "seconds": 0.2207852090941742, "rss_end_bytes": 973258752, "available_end_bytes": 3392159744}
{"stage": "statistics_update", "seconds": 0.0009833329822868109, "rss_end_bytes": 973291520, "available_end_bytes": 3392159744}
{"stage": "normalization", "seconds": 0.0010952090378850698, "rss_end_bytes": 973307904, "available_end_bytes": 3392159744}
{"stage": "attribute_extraction", "seconds": 0.22078708303160965, "rss_end_bytes": 973357056, "available_end_bytes": 3392159744}
{"stage": "statistics_update", "seconds": 0.0009710000595077872, "rss_end_bytes": 978993152, "available_end_bytes": 3392159744}
{"stage": "normalization", "seconds": 0.0009746249997988343, "rss_end_bytes": 979025920, "available_end_bytes": 3392159744}
{"stage": "attribute_extraction", "seconds": 0.2210913330782205, "rss_end_bytes": 979091456, "available_end_bytes": 3371778048}
{"stage": "statistics_update", "seconds": 0.0009850409114733338, "rss_end_bytes": 979156992, "available_end_bytes": 3371859968}
{"stage": "normalization", "seconds": 0.0009221249492838979, "rss_end_bytes": 979222528, "available_end_bytes": 3371958272}
{"stage": "normalization", "seconds": 0.0010727089829742908, "rss_end_bytes": 973357056, "available_end_bytes": 3391520768}
{"stage": "normalization", "seconds": 0.0012581669725477695, "rss_end_bytes": 975142912, "available_end_bytes": 3394158592}
{"stage": "normalization", "seconds": 0.0012633750448003411, "rss_end_bytes": 977993728, "available_end_bytes": 3394371584}
{"stage": "normalization", "seconds": 0.001277665956877172, "rss_end_bytes": 978108416, "available_end_bytes": 3394715648}
{"stage": "normalization", "seconds": 0.0011153750820085406, "rss_end_bytes": 978616320, "available_end_bytes": 3394715648}
{"stage": "normalization", "seconds": 0.0011522920103743672, "rss_end_bytes": 978632704, "available_end_bytes": 3394715648}
{"stage": "normalization", "seconds": 0.0012717080535367131, "rss_end_bytes": 981434368, "available_end_bytes": 3394715648}
{"stage": "normalization", "seconds": 0.0012946249917149544, "rss_end_bytes": 984301568, "available_end_bytes": 3394715648}
{"stage": "normalization", "seconds": 0.0012343749403953552, "rss_end_bytes": 987119616, "available_end_bytes": 3394715648}
{"stage": "normalization", "seconds": 0.0012425410095602274, "rss_end_bytes": 992755712, "available_end_bytes": 3394715648}
{"stage": "normalization", "seconds": 0.0010932920267805457, "rss_end_bytes": 995606528, "available_end_bytes": 3394715648}
{"stage": "normalization", "seconds": 0.001172417076304555, "rss_end_bytes": 998424576, "available_end_bytes": 3394715648}
{"stage": "normalization", "seconds": 0.0012892500963062048, "rss_end_bytes": 1001242624, "available_end_bytes": 3394715648}
{"stage": "normalization", "seconds": 0.0010747499763965607, "rss_end_bytes": 1004093440, "available_end_bytes": 3394715648}
{"stage": "normalization", "seconds": 0.0012988330563530326, "rss_end_bytes": 1006911488, "available_end_bytes": 3394715648}
{"stage": "normalization", "seconds": 0.0010584580013528466, "rss_end_bytes": 1009762304, "available_end_bytes": 3394715648}
{"stage": "normalization", "seconds": 0.0010829579550772905, "rss_end_bytes": 1012596736, "available_end_bytes": 3394715648}
{"stage": "normalization", "seconds": 0.0010943330125883222, "rss_end_bytes": 1015414784, "available_end_bytes": 3394715648}
{"stage": "normalization", "seconds": 0.0010560409864410758, "rss_end_bytes": 1018265600, "available_end_bytes": 3394715648}
{"stage": "normalization", "seconds": 0.0010450839763507247, "rss_end_bytes": 1021132800, "available_end_bytes": 3394715648}
{"stage": "normalization", "seconds": 0.0010505409445613623, "rss_end_bytes": 1023983616, "available_end_bytes": 3394715648}
{"stage": "normalization", "seconds": 0.0010370829841122031, "rss_end_bytes": 1026834432, "available_end_bytes": 3394715648}
{"stage": "normalization", "seconds": 0.0012428750051185489, "rss_end_bytes": 1029668864, "available_end_bytes": 3394715648}
{"stage": "normalization", "seconds": 0.001060207956470549, "rss_end_bytes": 1032503296, "available_end_bytes": 3394715648}
{"stage": "normalization", "seconds": 0.001439166022464633, "rss_end_bytes": 1034911744, "available_end_bytes": 3394715648}
{"stage": "normalization", "seconds": 0.0011474170023575425, "rss_end_bytes": 1036107776, "available_end_bytes": 3394715648}
{"stage": "normalization", "seconds": 0.001038416987285018, "rss_end_bytes": 1036173312, "available_end_bytes": 3394715648}
{"stage": "normalization", "seconds": 0.001053208950906992, "rss_end_bytes": 1036173312, "available_end_bytes": 3394715648}
{"stage": "normalization", "seconds": 0.0011382079683244228, "rss_end_bytes": 1038729216, "available_end_bytes": 3394715648}
{"stage": "normalization", "seconds": 0.0010543749667704105, "rss_end_bytes": 1038745600, "available_end_bytes": 3394715648}
{"stage": "normalization", "seconds": 0.0011148749617859721, "rss_end_bytes": 1038761984, "available_end_bytes": 3394715648}
{"stage": "normalization", "seconds": 0.0011447499273344874, "rss_end_bytes": 1038761984, "available_end_bytes": 3394715648}
{"stage": "normalization", "seconds": 0.0011776660103350878, "rss_end_bytes": 1038778368, "available_end_bytes": 3394715648}
{"stage": "normalization", "seconds": 0.0009210410062223673, "rss_end_bytes": 1038794752, "available_end_bytes": 3394715648}
{"stage": "normalization", "seconds": 0.0009714590851217508, "rss_end_bytes": 1038827520, "available_end_bytes": 3394715648}
{"stage": "normalization", "seconds": 0.0009795419173315167, "rss_end_bytes": 1038876672, "available_end_bytes": 3394715648}
{"stage": "normalization", "seconds": 0.0010202910052612424, "rss_end_bytes": 1038876672, "available_end_bytes": 3394715648}
{"stage": "normalization", "seconds": 0.0010512500302866101, "rss_end_bytes": 1038876672, "available_end_bytes": 3394715648}
{"stage": "normalization", "seconds": 0.0010610000463202596, "rss_end_bytes": 1038909440, "available_end_bytes": 3394715648}
{"stage": "normalization", "seconds": 0.0010669580660760403, "rss_end_bytes": 1038925824, "available_end_bytes": 3394715648}
{"stage": "normalization", "seconds": 0.001076541026122868, "rss_end_bytes": 1038925824, "available_end_bytes": 3394715648}
{"stage": "normalization", "seconds": 0.0012536250287666917, "rss_end_bytes": 1038958592, "available_end_bytes": 3394715648}
{"stage": "normalization", "seconds": 0.001041040988638997, "rss_end_bytes": 1038958592, "available_end_bytes": 3394715648}
{"stage": "normalization", "seconds": 0.0009666669648140669, "rss_end_bytes": 1038991360, "available_end_bytes": 3394715648}
{"stage": "normalization", "seconds": 0.0012030829675495625, "rss_end_bytes": 1044594688, "available_end_bytes": 3394715648}
{"stage": "normalization", "seconds": 0.0010528750717639923, "rss_end_bytes": 1047445504, "available_end_bytes": 3394715648}
{"stage": "normalization", "seconds": 0.0012284580152481794, "rss_end_bytes": 1053048832, "available_end_bytes": 3394715648}
{"stage": "normalization", "seconds": 0.0009190830169245601, "rss_end_bytes": 1055850496, "available_end_bytes": 3394715648}
{"stage": "normalization", "seconds": 0.000945042003877461, "rss_end_bytes": 1059454976, "available_end_bytes": 3394715648}
{"stage": "normalization", "seconds": 0.001148959039710462, "rss_end_bytes": 1065041920, "available_end_bytes": 3394715648}
{"stage": "normalization", "seconds": 0.0013478749897331, "rss_end_bytes": 1070645248, "available_end_bytes": 3394715648}
{"stage": "normalization", "seconds": 0.001680874964222312, "rss_end_bytes": 1073430528, "available_end_bytes": 3394715648}
{"stage": "normalization", "seconds": 0.0011327499523758888, "rss_end_bytes": 1076641792, "available_end_bytes": 3394715648}
{"stage": "normalization", "seconds": 0.0013613339979201555, "rss_end_bytes": 1082245120, "available_end_bytes": 3394715648}
{"stage": "normalization", "seconds": 0.0009486250346526504, "rss_end_bytes": 1085292544, "available_end_bytes": 3394715648}
{"stage": "normalization", "seconds": 0.0009126659715548158, "rss_end_bytes": 1088094208, "available_end_bytes": 3394715648}
{"stage": "normalization", "seconds": 0.0009582919301465154, "rss_end_bytes": 1088356352, "available_end_bytes": 3394715648}
{"stage": "normalization", "seconds": 0.0009507919894531369, "rss_end_bytes": 1091141632, "available_end_bytes": 3394715648}
{"stage": "normalization", "seconds": 0.0008891250472515821, "rss_end_bytes": 1093959680, "available_end_bytes": 3394715648}
{"stage": "normalization", "seconds": 0.000920457998290658, "rss_end_bytes": 1096761344, "available_end_bytes": 3394715648}
{"stage": "normalization", "seconds": 0.0010799589799717069, "rss_end_bytes": 1099563008, "available_end_bytes": 3394715648}
{"stage": "normalization", "seconds": 0.0009232079610228539, "rss_end_bytes": 1102364672, "available_end_bytes": 3394715648}
{"stage": "normalization", "seconds": 0.0008809580467641354, "rss_end_bytes": 1102462976, "available_end_bytes": 3394715648}
{"stage": "legacy_cpu_preparation_total", "seconds": 20.315176208037883, "rss_end_bytes": 1102626816, "available_end_bytes": 3394715648}
{"stage": "serialize_raw_to_ssd", "seconds": 0.3323959580156952, "rss_end_bytes": 1133117440, "available_end_bytes": 3394715648}
{"stage": "read_raw_from_ssd_warm_mmap", "seconds": 0.03507387498393655, "rss_end_bytes": 1372176384, "available_end_bytes": 3394715648}
{"stage": "linear_transfer_payload", "seconds": 0.2225479589542374, "rss_end_bytes": 657948672, "available_end_bytes": 3394715648, "mps_active_bytes": 443854848, "mps_driver_bytes": 1124564992}
{"stage": "linear_forward", "seconds": 0.0932079169433564, "rss_end_bytes": 695418880, "available_end_bytes": 2649145344, "mps_active_bytes": 655980800, "mps_driver_bytes": 1137410048}
{"stage": "linear_segmentation_loss", "seconds": 0.5197057080222294, "rss_end_bytes": 312147968, "available_end_bytes": 2564440064, "mps_active_bytes": 897632256, "mps_driver_bytes": 1135378432}
{"stage": "linear_backward", "seconds": 0.3756888339994475, "rss_end_bytes": 344358912, "available_end_bytes": 2564440064, "mps_active_bytes": 565380864, "mps_driver_bytes": 1175240704}
{"stage": "mlp_transfer_payload", "seconds": 0.19055979198310524, "rss_end_bytes": 452493312, "available_end_bytes": 2296315904, "mps_active_bytes": 450156032, "mps_driver_bytes": 1166852096}
{"stage": "mlp_forward", "seconds": 0.07293029106222093, "rss_end_bytes": 454459392, "available_end_bytes": 2296315904, "mps_active_bytes": 684672256, "mps_driver_bytes": 1179451392}
{"stage": "mlp_segmentation_loss", "seconds": 0.012614541919901967, "rss_end_bytes": 456032256, "available_end_bytes": 2296315904, "mps_active_bytes": 920024832, "mps_driver_bytes": 1177354240}
{"stage": "mlp_backward", "seconds": 0.15881599998101592, "rss_end_bytes": 452247552, "available_end_bytes": 2296315904, "mps_active_bytes": 566083328, "mps_driver_bytes": 1177354240}
MEASUREMENT_PASS 0 mps
