{"stage": "read_image_0", "seconds": 0.08226633397862315, "rss_end_bytes": 339394560, "available_end_bytes": 3271655424}
{"stage": "prepare_image_0", "seconds": 19.702694000094198, "rss_end_bytes": 776880128, "available_end_bytes": 3048931328}
{"stage": "summarize_attribute", "seconds": 0.0017964169383049011, "rss_end_bytes": 783925248, "available_end_bytes": 3048931328}
{"stage": "merge_summary", "seconds": 0.00024262501392513514, "rss_end_bytes": 784695296, "available_end_bytes": 3048931328}
{"stage": "summarize_attribute", "seconds": 0.0010904170339927077, "rss_end_bytes": 784711680, "available_end_bytes": 3048931328}
{"stage": "merge_summary", "seconds": 8.870800957083702e-05, "rss_end_bytes": 784728064, "available_end_bytes": 3048931328}
{"stage": "summarize_attribute", "seconds": 0.0011706670047715306, "rss_end_bytes": 784777216, "available_end_bytes": 3048931328}
{"stage": "merge_summary", "seconds": 8.212495595216751e-05, "rss_end_bytes": 784777216, "available_end_bytes": 3048931328}
{"stage": "summarize_attribute", "seconds": 0.0010649999603629112, "rss_end_bytes": 784842752, "available_end_bytes": 3048931328}
{"stage": "merge_summary", "seconds": 7.479207124561071e-05, "rss_end_bytes": 784859136, "available_end_bytes": 3048931328}
{"stage": "summarize_attribute", "seconds": 0.0014198339777067304, "rss_end_bytes": 787693568, "available_end_bytes": 3048931328}
{"stage": "merge_summary", "seconds": 7.316598203033209e-05, "rss_end_bytes": 787693568, "available_end_bytes": 3048931328}
{"stage": "summarize_attribute", "seconds": 0.0014517920790240169, "rss_end_bytes": 790560768, "available_end_bytes": 3048931328}
{"stage": "merge_summary", "seconds": 8.837494533509016e-05, "rss_end_bytes": 790560768, "available_end_bytes": 3048931328}
{"stage": "summarize_attribute", "seconds": 0.0014784999657422304, "rss_end_bytes": 792756224, "available_end_bytes": 3048931328}
{"stage": "merge_summary", "seconds": 8.349993731826544e-05, "rss_end_bytes": 792772608, "available_end_bytes": 3048931328}
{"stage": "summarize_attribute", "seconds": 0.0014918750384822488, "rss_end_bytes": 795590656, "available_end_bytes": 3048931328}
{"stage": "merge_summary", "seconds": 0.00026066601276397705, "rss_end_bytes": 795590656, "available_end_bytes": 3048931328}
{"stage": "summarize_attribute", "seconds": 0.001438374980352819, "rss_end_bytes": 798392320, "available_end_bytes": 3048931328}
{"stage": "merge_summary", "seconds": 0.00010649999603629112, "rss_end_bytes": 798425088, "available_end_bytes": 3048931328}
{"stage": "summarize_attribute", "seconds": 0.0010735830292105675, "rss_end_bytes": 801275904, "available_end_bytes": 3048931328}
{"stage": "merge_summary", "seconds": 7.925007957965136e-05, "rss_end_bytes": 801275904, "available_end_bytes": 3048931328}
{"stage": "summarize_attribute", "seconds": 0.0007504170062020421, "rss_end_bytes": 804110336, "available_end_bytes": 3048931328}
{"stage": "merge_summary", "seconds": 8.200004231184721e-05, "rss_end_bytes": 808534016, "available_end_bytes": 3048931328}
{"stage": "summarize_attribute", "seconds": 0.0007886249804869294, "rss_end_bytes": 811352064, "available_end_bytes": 3048931328}
{"stage": "merge_summary", "seconds": 6.983301136642694e-05, "rss_end_bytes": 811352064, "available_end_bytes": 3048931328}
{"stage": "summarize_attribute", "seconds": 0.0007784999907016754, "rss_end_bytes": 814153728, "available_end_bytes": 3048931328}
{"stage": "merge_summary", "seconds": 6.987492088228464e-05, "rss_end_bytes": 814170112, "available_end_bytes": 3048931328}
{"stage": "summarize_attribute", "seconds": 0.0007535830372944474, "rss_end_bytes": 816971776, "available_end_bytes": 3048931328}
{"stage": "merge_summary", "seconds": 7.362500764429569e-05, "rss_end_bytes": 816971776, "available_end_bytes": 3048931328}
{"stage": "summarize_attribute", "seconds": 0.00033350009471178055, "rss_end_bytes": 816971776, "available_end_bytes": 3048931328}
{"stage": "merge_summary", "seconds": 6.770796608179808e-05, "rss_end_bytes": 816971776, "available_end_bytes": 3048931328}
{"stage": "summarize_attribute", "seconds": 0.000317416968755424, "rss_end_bytes": 816971776, "available_end_bytes": 3048931328}
{"stage": "merge_summary", "seconds": 6.358395330607891e-05, "rss_end_bytes": 816971776, "available_end_bytes": 3048931328}
{"stage": "summarize_attribute", "seconds": 0.0007457080064341426, "rss_end_bytes": 819789824, "available_end_bytes": 3048931328}
{"stage": "merge_summary", "seconds": 7.862492930144072e-05, "rss_end_bytes": 819789824, "available_end_bytes": 3048931328}
{"stage": "summarize_attribute", "seconds": 0.000999458017759025, "rss_end_bytes": 822607872, "available_end_bytes": 3048931328}
{"stage": "merge_summary", "seconds": 8.066697046160698e-05, "rss_end_bytes": 822624256, "available_end_bytes": 3048931328}
{"stage": "summarize_attribute", "seconds": 0.0003477499121800065, "rss_end_bytes": 822657024, "available_end_bytes": 3048931328}
{"stage": "merge_summary", "seconds": 6.52919989079237e-05, "rss_end_bytes": 822657024, "available_end_bytes": 3048931328}
{"stage": "summarize_attribute", "seconds": 0.0003250419395044446, "rss_end_bytes": 822657024, "available_end_bytes": 3048931328}
{"stage": "merge_summary", "seconds": 7.40840332582593e-05, "rss_end_bytes": 822673408, "available_end_bytes": 3048931328}
{"stage": "summarize_attribute", "seconds": 0.0003652500454336405, "rss_end_bytes": 822706176, "available_end_bytes": 3048931328}
{"stage": "merge_summary", "seconds": 0.00012604205403476954, "rss_end_bytes": 822722560, "available_end_bytes": 3048931328}
{"stage": "summarize_attribute", "seconds": 0.0018848750041797757, "rss_end_bytes": 822771712, "available_end_bytes": 3048931328}
{"stage": "merge_summary", "seconds": 0.00011129199992865324, "rss_end_bytes": 822788096, "available_end_bytes": 3048931328}
{"stage": "summarize_attribute", "seconds": 0.0010502920486032963, "rss_end_bytes": 822788096, "available_end_bytes": 3048931328}
{"stage": "merge_summary", "seconds": 7.24999699741602e-05, "rss_end_bytes": 822788096, "available_end_bytes": 3048931328}
{"stage": "summarize_attribute", "seconds": 0.0008707499364390969, "rss_end_bytes": 822788096, "available_end_bytes": 3048931328}
{"stage": "merge_summary", "seconds": 6.991706322878599e-05, "rss_end_bytes": 822788096, "available_end_bytes": 3048931328}
{"stage": "summarize_attribute", "seconds": 0.0011859589722007513, "rss_end_bytes": 825327616, "available_end_bytes": 3048931328}
{"stage": "merge_summary", "seconds": 6.808305624872446e-05, "rss_end_bytes": 825327616, "available_end_bytes": 3048931328}
{"stage": "summarize_attribute", "seconds": 0.0009624160593375564, "rss_end_bytes": 825344000, "available_end_bytes": 3048931328}
{"stage": "merge_summary", "seconds": 7.079192437231541e-05, "rss_end_bytes": 825344000, "available_end_bytes": 3048931328}
{"stage": "summarize_attribute", "seconds": 0.0009134589927271008, "rss_end_bytes": 825360384, "available_end_bytes": 3048931328}
{"stage": "merge_summary", "seconds": 7.087492849677801e-05, "rss_end_bytes": 825376768, "available_end_bytes": 3048931328}
{"stage": "summarize_attribute", "seconds": 0.0012542079202830791, "rss_end_bytes": 828178432, "available_end_bytes": 3048931328}
{"stage": "merge_summary", "seconds": 0.00011600006837397814, "rss_end_bytes": 828194816, "available_end_bytes": 3048931328}
{"stage": "summarize_attribute", "seconds": 0.0011998750269412994, "rss_end_bytes": 828194816, "available_end_bytes": 3048931328}
{"stage": "merge_summary", "seconds": 7.937499321997166e-05, "rss_end_bytes": 828194816, "available_end_bytes": 3048931328}
{"stage": "summarize_attribute", "seconds": 0.0008490000618621707, "rss_end_bytes": 828194816, "available_end_bytes": 3048931328}
{"stage": "merge_summary", "seconds": 8.950009942054749e-05, "rss_end_bytes": 828194816, "available_end_bytes": 3048931328}
{"stage": "summarize_attribute", "seconds": 0.0015415000962093472, "rss_end_bytes": 830996480, "available_end_bytes": 3048931328}
{"stage": "merge_summary", "seconds": 0.0001176249934360385, "rss_end_bytes": 830996480, "available_end_bytes": 3048931328}
{"stage": "summarize_attribute", "seconds": 0.0014494999777525663, "rss_end_bytes": 833781760, "available_end_bytes": 3048931328}
{"stage": "merge_summary", "seconds": 7.462501525878906e-05, "rss_end_bytes": 833781760, "available_end_bytes": 3048931328}
{"stage": "summarize_attribute", "seconds": 0.0013252089265733957, "rss_end_bytes": 836583424, "available_end_bytes": 3048931328}
{"stage": "merge_summary", "seconds": 7.008400280028582e-05, "rss_end_bytes": 836583424, "available_end_bytes": 3048931328}
{"stage": "summarize_attribute", "seconds": 0.001372415921650827, "rss_end_bytes": 839368704, "available_end_bytes": 3048931328}
{"stage": "merge_summary", "seconds": 6.762496195733547e-05, "rss_end_bytes": 839368704, "available_end_bytes": 3048931328}
{"stage": "summarize_attribute", "seconds": 0.001273666974157095, "rss_end_bytes": 842170368, "available_end_bytes": 3048931328}
{"stage": "merge_summary", "seconds": 7.083301898092031e-05, "rss_end_bytes": 842170368, "available_end_bytes": 3048931328}
{"stage": "summarize_attribute", "seconds": 0.0012336669024080038, "rss_end_bytes": 844972032, "available_end_bytes": 3048931328}
{"stage": "merge_summary", "seconds": 6.720796227455139e-05, "rss_end_bytes": 844988416, "available_end_bytes": 3048931328}
{"stage": "summarize_attribute", "seconds": 0.001216959091834724, "rss_end_bytes": 847773696, "available_end_bytes": 3048931328}
{"stage": "merge_summary", "seconds": 6.920797750353813e-05, "rss_end_bytes": 847773696, "available_end_bytes": 3048931328}
{"stage": "summarize_attribute", "seconds": 0.0014638339634984732, "rss_end_bytes": 848412672, "available_end_bytes": 3048931328}
{"stage": "merge_summary", "seconds": 7.858301978558302e-05, "rss_end_bytes": 848429056, "available_end_bytes": 3048931328}
{"stage": "summarize_attribute", "seconds": 0.0007999999215826392, "rss_end_bytes": 848445440, "available_end_bytes": 3048931328}
{"stage": "merge_summary", "seconds": 6.866699550300837e-05, "rss_end_bytes": 848445440, "available_end_bytes": 3048931328}
{"stage": "summarize_attribute", "seconds": 0.0015482089947909117, "rss_end_bytes": 851247104, "available_end_bytes": 3048931328}
{"stage": "merge_summary", "seconds": 0.0001222500577569008, "rss_end_bytes": 851247104, "available_end_bytes": 3048931328}
{"stage": "summarize_attribute", "seconds": 0.0008988749468699098, "rss_end_bytes": 854048768, "available_end_bytes": 3048931328}
{"stage": "merge_summary", "seconds": 7.412501145154238e-05, "rss_end_bytes": 854065152, "available_end_bytes": 3048931328}
{"stage": "summarize_attribute", "seconds": 0.000398874981328845, "rss_end_bytes": 854065152, "available_end_bytes": 3048931328}
{"stage": "merge_summary", "seconds": 6.829202175140381e-05, "rss_end_bytes": 854065152, "available_end_bytes": 3048931328}
{"stage": "summarize_attribute", "seconds": 0.0003455840051174164, "rss_end_bytes": 854065152, "available_end_bytes": 3048931328}
{"stage": "merge_summary", "seconds": 7.212499622255564e-05, "rss_end_bytes": 854081536, "available_end_bytes": 3048931328}
{"stage": "summarize_attribute", "seconds": 0.0007324169855564833, "rss_end_bytes": 856834048, "available_end_bytes": 3048931328}
{"stage": "merge_summary", "seconds": 6.858306005597115e-05, "rss_end_bytes": 856834048, "available_end_bytes": 3048931328}
{"stage": "summarize_attribute", "seconds": 0.00033929094206541777, "rss_end_bytes": 856866816, "available_end_bytes": 3048931328}
{"stage": "merge_summary", "seconds": 6.824999582022429e-05, "rss_end_bytes": 856866816, "available_end_bytes": 3048931328}
{"stage": "summarize_attribute", "seconds": 0.0003333750646561384, "rss_end_bytes": 856866816, "available_end_bytes": 3048931328}
{"stage": "merge_summary", "seconds": 6.274995394051075e-05, "rss_end_bytes": 856866816, "available_end_bytes": 3048931328}
{"stage": "summarize_attribute", "seconds": 0.0007019999902695417, "rss_end_bytes": 859668480, "available_end_bytes": 3048931328}
{"stage": "merge_summary", "seconds": 6.570899859070778e-05, "rss_end_bytes": 859668480, "available_end_bytes": 3048931328}
{"stage": "summarize_attribute", "seconds": 0.0005172500386834145, "rss_end_bytes": 861945856, "available_end_bytes": 3048931328}
{"stage": "merge_summary", "seconds": 6.35830219835043e-05, "rss_end_bytes": 861962240, "available_end_bytes": 3048931328}
{"stage": "summarize_attribute", "seconds": 0.0004165839636698365, "rss_end_bytes": 863633408, "available_end_bytes": 3048931328}
{"stage": "merge_summary", "seconds": 6.562506314367056e-05, "rss_end_bytes": 863633408, "available_end_bytes": 3048931328}
{"stage": "summarize_attribute", "seconds": 0.0004746250342577696, "rss_end_bytes": 864632832, "available_end_bytes": 3048931328}
{"stage": "merge_summary", "seconds": 6.945803761482239e-05, "rss_end_bytes": 864632832, "available_end_bytes": 3048931328}
{"stage": "summarize_attribute", "seconds": 0.0006757500814273953, "rss_end_bytes": 864665600, "available_end_bytes": 3048931328}
{"stage": "merge_summary", "seconds": 0.00014408398419618607, "rss_end_bytes": 864681984, "available_end_bytes": 3048931328}
{"stage": "summarize_attribute", "seconds": 0.0007006250089034438, "rss_end_bytes": 867483648, "available_end_bytes": 3048931328}
{"stage": "merge_summary", "seconds": 7.329101208597422e-05, "rss_end_bytes": 867483648, "available_end_bytes": 3048931328}
{"stage": "summarize_attribute", "seconds": 0.0003475000848993659, "rss_end_bytes": 867500032, "available_end_bytes": 3048931328}
{"stage": "merge_summary", "seconds": 0.00015379092656075954, "rss_end_bytes": 867500032, "available_end_bytes": 3048931328}
{"stage": "summarize_attribute", "seconds": 0.0011949170148000121, "rss_end_bytes": 867598336, "available_end_bytes": 3048931328}
{"stage": "merge_summary", "seconds": 8.791603613644838e-05, "rss_end_bytes": 867598336, "available_end_bytes": 3048931328}
{"stage": "summarize_attribute", "seconds": 0.0009551250841468573, "rss_end_bytes": 867598336, "available_end_bytes": 3048931328}
{"stage": "merge_summary", "seconds": 8.362496737390757e-05, "rss_end_bytes": 867598336, "available_end_bytes": 3048931328}
{"stage": "summarize_attribute", "seconds": 0.0010539580835029483, "rss_end_bytes": 867614720, "available_end_bytes": 3048931328}
{"stage": "merge_summary", "seconds": 7.337506394833326e-05, "rss_end_bytes": 867614720, "available_end_bytes": 3048931328}
{"stage": "summarize_attribute", "seconds": 0.0011802921071648598, "rss_end_bytes": 867614720, "available_end_bytes": 3048931328}
{"stage": "merge_summary", "seconds": 7.862492930144072e-05, "rss_end_bytes": 867614720, "available_end_bytes": 3048931328}
{"stage": "summarize_attribute", "seconds": 0.0009596250019967556, "rss_end_bytes": 867614720, "available_end_bytes": 3048931328}
{"stage": "merge_summary", "seconds": 8.279201574623585e-05, "rss_end_bytes": 867614720, "available_end_bytes": 3048931328}
{"stage": "summarize_attribute", "seconds": 0.001281999982893467, "rss_end_bytes": 867614720, "available_end_bytes": 3048931328}
{"stage": "merge_summary", "seconds": 8.145894389599562e-05, "rss_end_bytes": 867614720, "available_end_bytes": 3048931328}
{"stage": "summarize_attribute", "seconds": 0.0008516669040545821, "rss_end_bytes": 867614720, "available_end_bytes": 3048931328}
{"stage": "merge_summary", "seconds": 8.679099846631289e-05, "rss_end_bytes": 867614720, "available_end_bytes": 3048931328}
{"stage": "summarize_attribute", "seconds": 0.0010389999952167273, "rss_end_bytes": 867614720, "available_end_bytes": 3048931328}
{"stage": "merge_summary", "seconds": 7.758301217108965e-05, "rss_end_bytes": 867631104, "available_end_bytes": 3048931328}
{"stage": "summarize_attribute", "seconds": 0.0007974168984219432, "rss_end_bytes": 867647488, "available_end_bytes": 3048931328}
{"stage": "merge_summary", "seconds": 7.074989844113588e-05, "rss_end_bytes": 867647488, "available_end_bytes": 3048931328}
{"stage": "summarize_attribute", "seconds": 0.0008849160512909293, "rss_end_bytes": 867647488, "available_end_bytes": 3048931328}
{"stage": "merge_summary", "seconds": 7.454201113432646e-05, "rss_end_bytes": 867647488, "available_end_bytes": 3048931328}
{"stage": "read_image_1000", "seconds": 0.06975516595412046, "rss_end_bytes": 901824512, "available_end_bytes": 3048931328}
{"stage": "prepare_image_1000", "seconds": 18.954563749954104, "rss_end_bytes": 969555968, "available_end_bytes": 3170500608}
{"stage": "summarize_attribute", "seconds": 0.002955624950118363, "rss_end_bytes": 969654272, "available_end_bytes": 3170500608}
{"stage": "merge_summary", "seconds": 0.00019920803606510162, "rss_end_bytes": 969752576, "available_end_bytes": 3170500608}
{"stage": "summarize_attribute", "seconds": 0.0010166249703615904, "rss_end_bytes": 969768960, "available_end_bytes": 3170500608}
{"stage": "merge_summary", "seconds": 9.462493471801281e-05, "rss_end_bytes": 969768960, "available_end_bytes": 3170500608}
{"stage": "summarize_attribute", "seconds": 0.0009864580351859331, "rss_end_bytes": 969785344, "available_end_bytes": 3170500608}
{"stage": "merge_summary", "seconds": 8.25000461190939e-05, "rss_end_bytes": 969801728, "available_end_bytes": 3170500608}
{"stage": "summarize_attribute", "seconds": 0.0010777079733088613, "rss_end_bytes": 970883072, "available_end_bytes": 3170500608}
{"stage": "merge_summary", "seconds": 8.362496737390757e-05, "rss_end_bytes": 970883072, "available_end_bytes": 3170500608}
{"stage": "summarize_attribute", "seconds": 0.0011365419486537576, "rss_end_bytes": 970899456, "available_end_bytes": 3170500608}
{"stage": "merge_summary", "seconds": 0.00015516707208007574, "rss_end_bytes": 970899456, "available_end_bytes": 3170500608}
{"stage": "summarize_attribute", "seconds": 0.000768790952861309, "rss_end_bytes": 970899456, "available_end_bytes": 3170500608}
{"stage": "merge_summary", "seconds": 8.458306547254324e-05, "rss_end_bytes": 970899456, "available_end_bytes": 3170500608}
{"stage": "summarize_attribute", "seconds": 0.00040562497451901436, "rss_end_bytes": 971440128, "available_end_bytes": 3170500608}
{"stage": "merge_summary", "seconds": 7.879198528826237e-05, "rss_end_bytes": 971440128, "available_end_bytes": 3170500608}
{"stage": "summarize_attribute", "seconds": 0.0005841670790687203, "rss_end_bytes": 973946880, "available_end_bytes": 3170500608}
{"stage": "merge_summary", "seconds": 7.808394730091095e-05, "rss_end_bytes": 973946880, "available_end_bytes": 3170500608}
{"stage": "summarize_attribute", "seconds": 0.0003344169817864895, "rss_end_bytes": 974012416, "available_end_bytes": 3170500608}
{"stage": "merge_summary", "seconds": 0.0001651250058785081, "rss_end_bytes": 974012416, "available_end_bytes": 3170500608}
{"stage": "summarize_attribute", "seconds": 0.0006541670300066471, "rss_end_bytes": 976535552, "available_end_bytes": 3170500608}
{"stage": "merge_summary", "seconds": 7.158401422202587e-05, "rss_end_bytes": 976535552, "available_end_bytes": 3170500608}
{"stage": "summarize_attribute", "seconds": 0.0005821669474244118, "rss_end_bytes": 979075072, "available_end_bytes": 3170500608}
{"stage": "merge_summary", "seconds": 7.175002247095108e-05, "rss_end_bytes": 979075072, "available_end_bytes": 3170500608}
{"stage": "summarize_attribute", "seconds": 0.0006526249926537275, "rss_end_bytes": 981598208, "available_end_bytes": 3170500608}
{"stage": "merge_summary", "seconds": 8.483394049108028e-05, "rss_end_bytes": 981598208, "available_end_bytes": 3170500608}
{"stage": "summarize_attribute", "seconds": 0.0005865000421181321, "rss_end_bytes": 982827008, "available_end_bytes": 3170500608}
{"stage": "merge_summary", "seconds": 7.462501525878906e-05, "rss_end_bytes": 982827008, "available_end_bytes": 3170500608}
{"stage": "summarize_attribute", "seconds": 0.0003096660366281867, "rss_end_bytes": 982827008, "available_end_bytes": 3170500608}
{"stage": "merge_summary", "seconds": 9.991705883294344e-05, "rss_end_bytes": 982827008, "available_end_bytes": 3170500608}
{"stage": "summarize_attribute", "seconds": 0.0007172090699896216, "rss_end_bytes": 982827008, "available_end_bytes": 3170500608}
{"stage": "merge_summary", "seconds": 0.0001919580390676856, "rss_end_bytes": 982827008, "available_end_bytes": 3170500608}
{"stage": "summarize_attribute", "seconds": 0.0006669579306617379, "rss_end_bytes": 985333760, "available_end_bytes": 3170500608}
{"stage": "merge_summary", "seconds": 8.012494072318077e-05, "rss_end_bytes": 985333760, "available_end_bytes": 3170500608}
{"stage": "summarize_attribute", "seconds": 0.0004664169391617179, "rss_end_bytes": 986775552, "available_end_bytes": 3170500608}
{"stage": "merge_summary", "seconds": 7.462501525878906e-05, "rss_end_bytes": 986775552, "available_end_bytes": 3170500608}
{"stage": "summarize_attribute", "seconds": 0.0003190829884260893, "rss_end_bytes": 986775552, "available_end_bytes": 3170500608}
{"stage": "merge_summary", "seconds": 7.529195863753557e-05, "rss_end_bytes": 986775552, "available_end_bytes": 3170500608}
{"stage": "summarize_attribute", "seconds": 0.00030283292289823294, "rss_end_bytes": 986775552, "available_end_bytes": 3170500608}
{"stage": "merge_summary", "seconds": 7.695902604609728e-05, "rss_end_bytes": 986775552, "available_end_bytes": 3170500608}
{"stage": "summarize_attribute", "seconds": 0.00030866696033626795, "rss_end_bytes": 986775552, "available_end_bytes": 3170500608}
{"stage": "merge_summary", "seconds": 7.112498860806227e-05, "rss_end_bytes": 986775552, "available_end_bytes": 3170500608}
{"stage": "summarize_attribute", "seconds": 0.0002963750157505274, "rss_end_bytes": 986775552, "available_end_bytes": 3170500608}
{"stage": "merge_summary", "seconds": 0.00014545803423970938, "rss_end_bytes": 986775552, "available_end_bytes": 3170500608}
{"stage": "summarize_attribute", "seconds": 0.0002935000229626894, "rss_end_bytes": 986775552, "available_end_bytes": 3170500608}
{"stage": "merge_summary", "seconds": 6.858294364064932e-05, "rss_end_bytes": 986775552, "available_end_bytes": 3170500608}
{"stage": "summarize_attribute", "seconds": 0.0003357500536367297, "rss_end_bytes": 987004928, "available_end_bytes": 3170500608}
{"stage": "merge_summary", "seconds": 7.508404087275267e-05, "rss_end_bytes": 987004928, "available_end_bytes": 3170500608}
{"stage": "summarize_attribute", "seconds": 0.0007045409874990582, "rss_end_bytes": 987578368, "available_end_bytes": 3170500608}
{"stage": "merge_summary", "seconds": 8.399994112551212e-05, "rss_end_bytes": 987578368, "available_end_bytes": 3170500608}
{"stage": "summarize_attribute", "seconds": 0.0006336250808089972, "rss_end_bytes": 990085120, "available_end_bytes": 3170500608}
{"stage": "merge_summary", "seconds": 8.629192598164082e-05, "rss_end_bytes": 990085120, "available_end_bytes": 3170500608}
{"stage": "summarize_attribute", "seconds": 0.0018954579718410969, "rss_end_bytes": 992624640, "available_end_bytes": 3170500608}
{"stage": "merge_summary", "seconds": 0.00016741605941206217, "rss_end_bytes": 992641024, "available_end_bytes": 3170500608}
{"stage": "summarize_attribute", "seconds": 0.001092792022973299, "rss_end_bytes": 993771520, "available_end_bytes": 3170500608}
{"stage": "merge_summary", "seconds": 0.00016345793846994638, "rss_end_bytes": 993771520, "available_end_bytes": 3170500608}
{"stage": "summarize_attribute", "seconds": 0.0008616660488769412, "rss_end_bytes": 993787904, "available_end_bytes": 3170500608}
{"stage": "merge_summary", "seconds": 7.795891724526882e-05, "rss_end_bytes": 993787904, "available_end_bytes": 3170500608}
{"stage": "summarize_attribute", "seconds": 0.0009357909439131618, "rss_end_bytes": 993804288, "available_end_bytes": 3170500608}
{"stage": "merge_summary", "seconds": 7.56249064579606e-05, "rss_end_bytes": 993804288, "available_end_bytes": 3170500608}
{"stage": "summarize_attribute", "seconds": 0.0008612499805167317, "rss_end_bytes": 994230272, "available_end_bytes": 3170500608}
{"stage": "merge_summary", "seconds": 7.558392826467752e-05, "rss_end_bytes": 994230272, "available_end_bytes": 3170500608}
{"stage": "summarize_attribute", "seconds": 0.0007709159981459379, "rss_end_bytes": 994230272, "available_end_bytes": 3170500608}
{"stage": "merge_summary", "seconds": 7.933296728879213e-05, "rss_end_bytes": 994230272, "available_end_bytes": 3170500608}
{"stage": "summarize_attribute", "seconds": 0.0012449589557945728, "rss_end_bytes": 994246656, "available_end_bytes": 3170500608}
{"stage": "merge_summary", "seconds": 8.091598283499479e-05, "rss_end_bytes": 994246656, "available_end_bytes": 3170500608}
{"stage": "summarize_attribute", "seconds": 0.000783958937972784, "rss_end_bytes": 994263040, "available_end_bytes": 3170500608}
{"stage": "merge_summary", "seconds": 0.0001574170310050249, "rss_end_bytes": 994263040, "available_end_bytes": 3170500608}
{"stage": "summarize_attribute", "seconds": 0.0010418329620733857, "rss_end_bytes": 994263040, "available_end_bytes": 3170500608}
{"stage": "merge_summary", "seconds": 0.00010629196185618639, "rss_end_bytes": 994263040, "available_end_bytes": 3170500608}
{"stage": "summarize_attribute", "seconds": 0.0007938329363241792, "rss_end_bytes": 994263040, "available_end_bytes": 3170500608}
{"stage": "merge_summary", "seconds": 7.487507537007332e-05, "rss_end_bytes": 994263040, "available_end_bytes": 3170500608}
{"stage": "summarize_attribute", "seconds": 0.000810416997410357, "rss_end_bytes": 994312192, "available_end_bytes": 3170500608}
{"stage": "merge_summary", "seconds": 7.66250304877758e-05, "rss_end_bytes": 994312192, "available_end_bytes": 3170500608}
{"stage": "summarize_attribute", "seconds": 0.00097875006031245, "rss_end_bytes": 994312192, "available_end_bytes": 3170500608}
{"stage": "merge_summary", "seconds": 7.733399979770184e-05, "rss_end_bytes": 994312192, "available_end_bytes": 3170500608}
{"stage": "summarize_attribute", "seconds": 0.0009294169722124934, "rss_end_bytes": 994344960, "available_end_bytes": 3170500608}
{"stage": "merge_summary", "seconds": 7.733399979770184e-05, "rss_end_bytes": 994344960, "available_end_bytes": 3170500608}
{"stage": "summarize_attribute", "seconds": 0.0007652919739484787, "rss_end_bytes": 994361344, "available_end_bytes": 3170500608}
{"stage": "merge_summary", "seconds": 0.00014516606461256742, "rss_end_bytes": 994361344, "available_end_bytes": 3170500608}
{"stage": "summarize_attribute", "seconds": 0.0012001669965684414, "rss_end_bytes": 994377728, "available_end_bytes": 3170500608}
{"stage": "merge_summary", "seconds": 7.879198528826237e-05, "rss_end_bytes": 994377728, "available_end_bytes": 3170500608}
{"stage": "summarize_attribute", "seconds": 0.0007318749558180571, "rss_end_bytes": 994377728, "available_end_bytes": 3170500608}
{"stage": "merge_summary", "seconds": 9.266589768230915e-05, "rss_end_bytes": 994377728, "available_end_bytes": 3170500608}
{"stage": "summarize_attribute", "seconds": 0.00041999993845820427, "rss_end_bytes": 994377728, "available_end_bytes": 3170500608}
{"stage": "merge_summary", "seconds": 7.85409938544035e-05, "rss_end_bytes": 994377728, "available_end_bytes": 3170500608}
{"stage": "summarize_attribute", "seconds": 0.0005569169297814369, "rss_end_bytes": 995377152, "available_end_bytes": 3170500608}
{"stage": "merge_summary", "seconds": 7.937499321997166e-05, "rss_end_bytes": 995377152, "available_end_bytes": 3170500608}
{"stage": "summarize_attribute", "seconds": 0.0003299169475212693, "rss_end_bytes": 995377152, "available_end_bytes": 3170500608}
{"stage": "merge_summary", "seconds": 7.675006054341793e-05, "rss_end_bytes": 995377152, "available_end_bytes": 3170500608}
{"stage": "summarize_attribute", "seconds": 0.00031591695733368397, "rss_end_bytes": 995393536, "available_end_bytes": 3170500608}
{"stage": "merge_summary", "seconds": 0.00015608395915478468, "rss_end_bytes": 995409920, "available_end_bytes": 3170500608}
{"stage": "summarize_attribute", "seconds": 0.00032504100818187, "rss_end_bytes": 995426304, "available_end_bytes": 3170500608}
{"stage": "merge_summary", "seconds": 7.499998901039362e-05, "rss_end_bytes": 995426304, "available_end_bytes": 3170500608}
{"stage": "summarize_attribute", "seconds": 0.0007191250333562493, "rss_end_bytes": 997834752, "available_end_bytes": 3170500608}
{"stage": "merge_summary", "seconds": 7.599999662488699e-05, "rss_end_bytes": 997834752, "available_end_bytes": 3170500608}
{"stage": "summarize_attribute", "seconds": 0.0003497920697554946, "rss_end_bytes": 998014976, "available_end_bytes": 3170500608}
{"stage": "merge_summary", "seconds": 6.987503729760647e-05, "rss_end_bytes": 998014976, "available_end_bytes": 3170500608}
{"stage": "summarize_attribute", "seconds": 0.0005089999176561832, "rss_end_bytes": 998031360, "available_end_bytes": 3170500608}
{"stage": "merge_summary", "seconds": 6.958295125514269e-05, "rss_end_bytes": 998031360, "available_end_bytes": 3170500608}
{"stage": "summarize_attribute", "seconds": 0.0009700000518932939, "rss_end_bytes": 998031360, "available_end_bytes": 3170500608}
{"stage": "merge_summary", "seconds": 7.700000423938036e-05, "rss_end_bytes": 998031360, "available_end_bytes": 3170500608}
{"stage": "summarize_attribute", "seconds": 0.00033724994864314795, "rss_end_bytes": 998031360, "available_end_bytes": 3170500608}
{"stage": "merge_summary", "seconds": 0.00020504207350313663, "rss_end_bytes": 998031360, "available_end_bytes": 3170500608}
{"stage": "summarize_attribute", "seconds": 0.001310667023062706, "rss_end_bytes": 998064128, "available_end_bytes": 3170500608}
{"stage": "merge_summary", "seconds": 9.633402805775404e-05, "rss_end_bytes": 998064128, "available_end_bytes": 3170500608}
{"stage": "summarize_attribute", "seconds": 0.001069874968379736, "rss_end_bytes": 998064128, "available_end_bytes": 3170500608}
{"stage": "merge_summary", "seconds": 8.245895151048899e-05, "rss_end_bytes": 998064128, "available_end_bytes": 3170500608}
{"stage": "summarize_attribute", "seconds": 0.0008926669834181666, "rss_end_bytes": 998064128, "available_end_bytes": 3170500608}
{"stage": "merge_summary", "seconds": 7.754098623991013e-05, "rss_end_bytes": 998064128, "available_end_bytes": 3170500608}
{"stage": "summarize_attribute", "seconds": 0.0008917920058593154, "rss_end_bytes": 998064128, "available_end_bytes": 3170500608}
{"stage": "merge_summary", "seconds": 8.07089963927865e-05, "rss_end_bytes": 998064128, "available_end_bytes": 3170500608}
{"stage": "summarize_attribute", "seconds": 0.0009390420746058226, "rss_end_bytes": 998080512, "available_end_bytes": 3170500608}
{"stage": "merge_summary", "seconds": 8.066697046160698e-05, "rss_end_bytes": 998080512, "available_end_bytes": 3170500608}
{"stage": "summarize_attribute", "seconds": 0.0012267919955775142, "rss_end_bytes": 998096896, "available_end_bytes": 3170500608}
{"stage": "merge_summary", "seconds": 0.00016741699073463678, "rss_end_bytes": 998096896, "available_end_bytes": 3170500608}
{"stage": "summarize_attribute", "seconds": 0.001184666994959116, "rss_end_bytes": 998096896, "available_end_bytes": 3170500608}
{"stage": "merge_summary", "seconds": 8.437503129243851e-05, "rss_end_bytes": 998096896, "available_end_bytes": 3170500608}
{"stage": "summarize_attribute", "seconds": 0.0009667499689385295, "rss_end_bytes": 998096896, "available_end_bytes": 3170500608}
{"stage": "merge_summary", "seconds": 8.070806507021189e-05, "rss_end_bytes": 998096896, "available_end_bytes": 3170500608}
{"stage": "summarize_attribute", "seconds": 0.0009705000557005405, "rss_end_bytes": 998096896, "available_end_bytes": 3170500608}
{"stage": "merge_summary", "seconds": 9.579106699675322e-05, "rss_end_bytes": 998096896, "available_end_bytes": 3170500608}
{"stage": "summarize_attribute", "seconds": 0.000934082898311317, "rss_end_bytes": 998096896, "available_end_bytes": 3170500608}
{"stage": "merge_summary", "seconds": 7.875007577240467e-05, "rss_end_bytes": 998096896, "available_end_bytes": 3170500608}
{"stage": "summarize_attribute", "seconds": 0.0009281670209020376, "rss_end_bytes": 998096896, "available_end_bytes": 3170500608}
{"stage": "merge_summary", "seconds": 7.237493991851807e-05, "rss_end_bytes": 998096896, "available_end_bytes": 3170500608}
{"stage": "summarize_attribute", "seconds": 0.0008627079660072923, "rss_end_bytes": 998096896, "available_end_bytes": 3170500608}
{"stage": "merge_summary", "seconds": 0.00017924990970641375, "rss_end_bytes": 998096896, "available_end_bytes": 3170500608}
{"stage": "read_image_2040", "seconds": 0.06105562497396022, "rss_end_bytes": 968015872, "available_end_bytes": 3170500608}
{"stage": "prepare_image_2040", "seconds": 19.77912487508729, "rss_end_bytes": 1049231360, "available_end_bytes": 3039936512}
{"stage": "summarize_attribute", "seconds": 0.0015718750655651093, "rss_end_bytes": 1051787264, "available_end_bytes": 3039936512}
{"stage": "merge_summary", "seconds": 0.0001949169673025608, "rss_end_bytes": 1051803648, "available_end_bytes": 3039936512}
{"stage": "summarize_attribute", "seconds": 0.0013490829151123762, "rss_end_bytes": 1053949952, "available_end_bytes": 3039936512}
{"stage": "merge_summary", "seconds": 9.504100307822227e-05, "rss_end_bytes": 1053949952, "available_end_bytes": 3039936512}
{"stage": "summarize_attribute", "seconds": 0.0013527909759432077, "rss_end_bytes": 1053949952, "available_end_bytes": 3039936512}
{"stage": "merge_summary", "seconds": 9.412504732608795e-05, "rss_end_bytes": 1053949952, "available_end_bytes": 3039936512}
{"stage": "summarize_attribute", "seconds": 0.0016890410333871841, "rss_end_bytes": 1053949952, "available_end_bytes": 3039936512}
{"stage": "merge_summary", "seconds": 0.00015374994836747646, "rss_end_bytes": 1053949952, "available_end_bytes": 3039936512}
{"stage": "summarize_attribute", "seconds": 0.0009332910412922502, "rss_end_bytes": 1053949952, "available_end_bytes": 3039936512}
{"stage": "merge_summary", "seconds": 8.520798292011023e-05, "rss_end_bytes": 1053949952, "available_end_bytes": 3039936512}
{"stage": "summarize_attribute", "seconds": 0.0015215419698506594, "rss_end_bytes": 1053982720, "available_end_bytes": 3039936512}
{"stage": "merge_summary", "seconds": 8.9791021309793e-05, "rss_end_bytes": 1053982720, "available_end_bytes": 3039936512}
{"stage": "summarize_attribute", "seconds": 0.0010344579350203276, "rss_end_bytes": 1053999104, "available_end_bytes": 3039936512}
{"stage": "merge_summary", "seconds": 8.67500202730298e-05, "rss_end_bytes": 1053999104, "available_end_bytes": 3039936512}
{"stage": "summarize_attribute", "seconds": 0.0010057500330731273, "rss_end_bytes": 1053999104, "available_end_bytes": 3039936512}
{"stage": "merge_summary", "seconds": 8.245802018791437e-05, "rss_end_bytes": 1054015488, "available_end_bytes": 3039936512}
{"stage": "summarize_attribute", "seconds": 0.0011722090421244502, "rss_end_bytes": 1054015488, "available_end_bytes": 3039936512}
{"stage": "merge_summary", "seconds": 7.612502668052912e-05, "rss_end_bytes": 1054015488, "available_end_bytes": 3039936512}
{"stage": "summarize_attribute", "seconds": 0.002715625101700425, "rss_end_bytes": 1054031872, "available_end_bytes": 3039936512}
{"stage": "merge_summary", "seconds": 0.0001835839357227087, "rss_end_bytes": 1054031872, "available_end_bytes": 3039936512}
{"stage": "summarize_attribute", "seconds": 0.0013240419793874025, "rss_end_bytes": 1054031872, "available_end_bytes": 3039936512}
{"stage": "merge_summary", "seconds": 9.962497279047966e-05, "rss_end_bytes": 1054031872, "available_end_bytes": 3039936512}
{"stage": "summarize_attribute", "seconds": 0.0015900839352980256, "rss_end_bytes": 1056423936, "available_end_bytes": 3039936512}
{"stage": "merge_summary", "seconds": 9.633402805775404e-05, "rss_end_bytes": 1056423936, "available_end_bytes": 3039936512}
{"stage": "summarize_attribute", "seconds": 0.0032513339538127184, "rss_end_bytes": 1058832384, "available_end_bytes": 3039936512}
{"stage": "merge_summary", "seconds": 0.00010058307088911533, "rss_end_bytes": 1058832384, "available_end_bytes": 3039936512}
{"stage": "summarize_attribute", "seconds": 0.001769874943420291, "rss_end_bytes": 1061240832, "available_end_bytes": 3039936512}
{"stage": "merge_summary", "seconds": 0.00015595799777656794, "rss_end_bytes": 1061240832, "available_end_bytes": 3039936512}
{"stage": "summarize_attribute", "seconds": 0.0015221660723909736, "rss_end_bytes": 1061322752, "available_end_bytes": 3039936512}
{"stage": "merge_summary", "seconds": 0.00014766689855605364, "rss_end_bytes": 1061322752, "available_end_bytes": 3039936512}
{"stage": "summarize_attribute", "seconds": 0.0019570000004023314, "rss_end_bytes": 1062076416, "available_end_bytes": 3039936512}
{"stage": "merge_summary", "seconds": 9.583297651261091e-05, "rss_end_bytes": 1062076416, "available_end_bytes": 3039936512}
{"stage": "summarize_attribute", "seconds": 0.0015995840076357126, "rss_end_bytes": 1062076416, "available_end_bytes": 3039936512}
{"stage": "merge_summary", "seconds": 9.291700553148985e-05, "rss_end_bytes": 1062076416, "available_end_bytes": 3039936512}
{"stage": "summarize_attribute", "seconds": 0.0023726250510662794, "rss_end_bytes": 1062076416, "available_end_bytes": 3039936512}
{"stage": "merge_summary", "seconds": 9.7665935754776e-05, "rss_end_bytes": 1062092800, "available_end_bytes": 3039936512}
{"stage": "summarize_attribute", "seconds": 0.0015620830236002803, "rss_end_bytes": 1062092800, "available_end_bytes": 3039936512}
{"stage": "merge_summary", "seconds": 0.00010183395352214575, "rss_end_bytes": 1062109184, "available_end_bytes": 3039936512}
{"stage": "summarize_attribute", "seconds": 0.0014845830155536532, "rss_end_bytes": 1062109184, "available_end_bytes": 3039936512}
{"stage": "merge_summary", "seconds": 0.00019175000488758087, "rss_end_bytes": 1062109184, "available_end_bytes": 3039936512}
{"stage": "summarize_attribute", "seconds": 0.0013509170385077596, "rss_end_bytes": 1062109184, "available_end_bytes": 3039936512}
{"stage": "merge_summary", "seconds": 8.858391083776951e-05, "rss_end_bytes": 1062109184, "available_end_bytes": 3039936512}
{"stage": "summarize_attribute", "seconds": 0.0014068750897422433, "rss_end_bytes": 1064140800, "available_end_bytes": 3039936512}
{"stage": "merge_summary", "seconds": 8.037500083446503e-05, "rss_end_bytes": 1064140800, "available_end_bytes": 3039936512}
{"stage": "summarize_attribute", "seconds": 0.0015081249875947833, "rss_end_bytes": 1064140800, "available_end_bytes": 3039936512}
{"stage": "merge_summary", "seconds": 8.425000123679638e-05, "rss_end_bytes": 1064140800, "available_end_bytes": 3039936512}
{"stage": "summarize_attribute", "seconds": 0.0011160830035805702, "rss_end_bytes": 1064157184, "available_end_bytes": 3039936512}
{"stage": "merge_summary", "seconds": 9.591691195964813e-05, "rss_end_bytes": 1064157184, "available_end_bytes": 3039936512}
{"stage": "summarize_attribute", "seconds": 0.002081583021208644, "rss_end_bytes": 1064157184, "available_end_bytes": 3039936512}
{"stage": "merge_summary", "seconds": 0.00016883399803191423, "rss_end_bytes": 1064157184, "available_end_bytes": 3039936512}
{"stage": "summarize_attribute", "seconds": 0.0024375839857384562, "rss_end_bytes": 1064632320, "available_end_bytes": 3039936512}
{"stage": "merge_summary", "seconds": 0.0005191669333726168, "rss_end_bytes": 1064632320, "available_end_bytes": 3039936512}
{"stage": "summarize_attribute", "seconds": 0.004306374932639301, "rss_end_bytes": 1064632320, "available_end_bytes": 3039936512}
{"stage": "merge_summary", "seconds": 0.00012520805466920137, "rss_end_bytes": 1064632320, "available_end_bytes": 3039936512}
{"stage": "summarize_attribute", "seconds": 0.0014938749372959137, "rss_end_bytes": 1064665088, "available_end_bytes": 3039936512}
{"stage": "merge_summary", "seconds": 8.391693700104952e-05, "rss_end_bytes": 1064665088, "available_end_bytes": 3039936512}
{"stage": "summarize_attribute", "seconds": 0.0013462909264490008, "rss_end_bytes": 1064665088, "available_end_bytes": 3039936512}
{"stage": "merge_summary", "seconds": 0.0001938749337568879, "rss_end_bytes": 1064665088, "available_end_bytes": 3039936512}
{"stage": "summarize_attribute", "seconds": 0.0014579999260604382, "rss_end_bytes": 1064665088, "available_end_bytes": 3039936512}
{"stage": "merge_summary", "seconds": 9.145797230303288e-05, "rss_end_bytes": 1064665088, "available_end_bytes": 3039936512}
{"stage": "summarize_attribute", "seconds": 0.0013234580401331186, "rss_end_bytes": 1064665088, "available_end_bytes": 3039936512}
{"stage": "merge_summary", "seconds": 9.91669949144125e-05, "rss_end_bytes": 1064665088, "available_end_bytes": 3039936512}
{"stage": "summarize_attribute", "seconds": 0.0017633750103414059, "rss_end_bytes": 1064665088, "available_end_bytes": 3039936512}
{"stage": "merge_summary", "seconds": 0.00022408401127904654, "rss_end_bytes": 1064665088, "available_end_bytes": 3039936512}
{"stage": "summarize_attribute", "seconds": 0.001695082988590002, "rss_end_bytes": 1064665088, "available_end_bytes": 3039936512}
{"stage": "merge_summary", "seconds": 0.0001028749393299222, "rss_end_bytes": 1064665088, "available_end_bytes": 3039936512}
{"stage": "summarize_attribute", "seconds": 0.0013901250204071403, "rss_end_bytes": 1064681472, "available_end_bytes": 3039936512}
{"stage": "merge_summary", "seconds": 0.00017162493895739317, "rss_end_bytes": 1064681472, "available_end_bytes": 3039936512}
{"stage": "summarize_attribute", "seconds": 0.001965041970834136, "rss_end_bytes": 1064681472, "available_end_bytes": 3039936512}
{"stage": "merge_summary", "seconds": 0.0002430829918012023, "rss_end_bytes": 1064681472, "available_end_bytes": 3039936512}
{"stage": "summarize_attribute", "seconds": 0.0020808749832212925, "rss_end_bytes": 1064730624, "available_end_bytes": 3039936512}
{"stage": "merge_summary", "seconds": 0.0001587079605087638, "rss_end_bytes": 1064730624, "available_end_bytes": 3039936512}
{"stage": "summarize_attribute", "seconds": 0.002197541994974017, "rss_end_bytes": 1065271296, "available_end_bytes": 3039936512}
{"stage": "merge_summary", "seconds": 0.00012625008821487427, "rss_end_bytes": 1065287680, "available_end_bytes": 3039936512}
{"stage": "summarize_attribute", "seconds": 0.0024991249665617943, "rss_end_bytes": 1065304064, "available_end_bytes": 3039936512}
{"stage": "merge_summary", "seconds": 9.724998380988836e-05, "rss_end_bytes": 1065304064, "available_end_bytes": 3039936512}
{"stage": "summarize_attribute", "seconds": 0.001439583022147417, "rss_end_bytes": 1065304064, "available_end_bytes": 3039936512}
{"stage": "merge_summary", "seconds": 0.00015820807311683893, "rss_end_bytes": 1065304064, "available_end_bytes": 3039936512}
{"stage": "summarize_attribute", "seconds": 0.0018946669297292829, "rss_end_bytes": 1065304064, "available_end_bytes": 3039936512}
{"stage": "merge_summary", "seconds": 0.00014237500727176666, "rss_end_bytes": 1065304064, "available_end_bytes": 3039936512}
{"stage": "summarize_attribute", "seconds": 0.0015477079432457685, "rss_end_bytes": 1065304064, "available_end_bytes": 3039936512}
{"stage": "merge_summary", "seconds": 9.962497279047966e-05, "rss_end_bytes": 1065304064, "available_end_bytes": 3039936512}
{"stage": "summarize_attribute", "seconds": 0.0015290420269593596, "rss_end_bytes": 1065304064, "available_end_bytes": 3039936512}
{"stage": "merge_summary", "seconds": 0.00014074996579438448, "rss_end_bytes": 1065304064, "available_end_bytes": 3039936512}
{"stage": "summarize_attribute", "seconds": 0.0010933330049738288, "rss_end_bytes": 1065304064, "available_end_bytes": 3039936512}
{"stage": "merge_summary", "seconds": 0.0002359999343752861, "rss_end_bytes": 1065304064, "available_end_bytes": 3039936512}
{"stage": "summarize_attribute", "seconds": 0.0026106670266017318, "rss_end_bytes": 1065304064, "available_end_bytes": 3039936512}
{"stage": "merge_summary", "seconds": 9.533297270536423e-05, "rss_end_bytes": 1065304064, "available_end_bytes": 3039936512}
{"stage": "summarize_attribute", "seconds": 0.0015440420247614384, "rss_end_bytes": 1065304064, "available_end_bytes": 3039936512}
{"stage": "merge_summary", "seconds": 0.00029374996665865183, "rss_end_bytes": 1065320448, "available_end_bytes": 3039936512}
{"stage": "summarize_attribute", "seconds": 0.0015877080149948597, "rss_end_bytes": 1065320448, "available_end_bytes": 3039936512}
{"stage": "merge_summary", "seconds": 9.054201655089855e-05, "rss_end_bytes": 1065320448, "available_end_bytes": 3039936512}
{"stage": "summarize_attribute", "seconds": 0.0012278339127078652, "rss_end_bytes": 1065320448, "available_end_bytes": 3039936512}
{"stage": "merge_summary", "seconds": 0.00013950001448392868, "rss_end_bytes": 1065320448, "available_end_bytes": 3039936512}
{"stage": "summarize_attribute", "seconds": 0.0019453329732641578, "rss_end_bytes": 1065320448, "available_end_bytes": 3039936512}
{"stage": "merge_summary", "seconds": 0.00015320803504437208, "rss_end_bytes": 1065320448, "available_end_bytes": 3039936512}
{"stage": "summarize_attribute", "seconds": 0.0020350830163806677, "rss_end_bytes": 1065320448, "available_end_bytes": 3039936512}
{"stage": "merge_summary", "seconds": 0.0001252500806003809, "rss_end_bytes": 1065320448, "available_end_bytes": 3039936512}
{"stage": "summarize_attribute", "seconds": 0.0013575829798355699, "rss_end_bytes": 1065320448, "available_end_bytes": 3148103680}
{"stage": "merge_summary", "seconds": 0.00025383406318724155, "rss_end_bytes": 1065320448, "available_end_bytes": 3155460096}
{"stage": "summarize_attribute", "seconds": 0.0015804159920662642, "rss_end_bytes": 1065336832, "available_end_bytes": 3153510400}
{"stage": "merge_summary", "seconds": 8.954096119850874e-05, "rss_end_bytes": 1065336832, "available_end_bytes": 3151298560}
{"stage": "summarize_attribute", "seconds": 0.001655499916523695, "rss_end_bytes": 1065336832, "available_end_bytes": 3146285056}
{"stage": "merge_summary", "seconds": 0.00013879197649657726, "rss_end_bytes": 1065336832, "available_end_bytes": 3146285056}
{"stage": "summarize_attribute", "seconds": 0.001764583052136004, "rss_end_bytes": 1065336832, "available_end_bytes": 3146285056}
{"stage": "merge_summary", "seconds": 0.0001484589884057641, "rss_end_bytes": 1065336832, "available_end_bytes": 3146285056}
{"stage": "summarize_attribute", "seconds": 0.0013172909384593368, "rss_end_bytes": 1065336832, "available_end_bytes": 3146285056}
{"stage": "merge_summary", "seconds": 9.28329536691308e-05, "rss_end_bytes": 1065336832, "available_end_bytes": 3146285056}
{"stage": "summarize_attribute", "seconds": 0.0008427089778706431, "rss_end_bytes": 1065336832, "available_end_bytes": 3146285056}
{"stage": "merge_summary", "seconds": 8.25830502435565e-05, "rss_end_bytes": 1065336832, "available_end_bytes": 3146285056}
{"stage": "summarize_attribute", "seconds": 0.0018403750145807862, "rss_end_bytes": 1065336832, "available_end_bytes": 3146285056}
{"stage": "merge_summary", "seconds": 8.712499402463436e-05, "rss_end_bytes": 1065336832, "available_end_bytes": 3146285056}
{"stage": "summarize_attribute", "seconds": 0.0013097090413793921, "rss_end_bytes": 1065336832, "available_end_bytes": 3146285056}
{"stage": "merge_summary", "seconds": 0.00010179204400628805, "rss_end_bytes": 1065336832, "available_end_bytes": 3146285056}
{"stage": "summarize_attribute", "seconds": 0.0010899589397013187, "rss_end_bytes": 1065336832, "available_end_bytes": 3146285056}
{"stage": "merge_summary", "seconds": 0.0004818330053240061, "rss_end_bytes": 1065336832, "available_end_bytes": 3146285056}
{"stage": "summarize_attribute", "seconds": 0.001887958962470293, "rss_end_bytes": 1065336832, "available_end_bytes": 3146285056}
{"stage": "merge_summary", "seconds": 0.0001837499439716339, "rss_end_bytes": 1065336832, "available_end_bytes": 3146285056}
{"stage": "summarize_attribute", "seconds": 0.0013322499580681324, "rss_end_bytes": 1065336832, "available_end_bytes": 3146285056}
{"stage": "merge_summary", "seconds": 8.158304262906313e-05, "rss_end_bytes": 1065336832, "available_end_bytes": 3146285056}
{"stage": "summarize_attribute", "seconds": 0.0011596250114962459, "rss_end_bytes": 1065336832, "available_end_bytes": 3146285056}
{"stage": "merge_summary", "seconds": 7.695902604609728e-05, "rss_end_bytes": 1065336832, "available_end_bytes": 3146285056}
{"stage": "summarize_attribute", "seconds": 0.001509042107500136, "rss_end_bytes": 1065336832, "available_end_bytes": 3146285056}
{"stage": "merge_summary", "seconds": 0.00018641597125679255, "rss_end_bytes": 1062567936, "available_end_bytes": 3146285056}
{"stage": "summarize_attribute", "seconds": 0.000994750065729022, "rss_end_bytes": 1062567936, "available_end_bytes": 3146285056}
{"stage": "merge_summary", "seconds": 0.0001490830909460783, "rss_end_bytes": 1062567936, "available_end_bytes": 3146285056}
{"stage": "fit_stats_total", "seconds": 59.23609608307015, "rss_end_bytes": 1000390656, "available_end_bytes": 3146285056}
P1_STREAMING_FIT_PASS
